// Jest Snapshot v1, https://goo.gl/fbAQLP

exports[`Cart container renders "Cart" deep correctly 1`] = `
<div>
  <div
    className="cart__toggler"
    onClick={[Function]}
  >
    <div>
      <span
        className="cart__toggler-badge"
      >
        0
      </span>
    </div>
  </div>
</div>
`;
